// Vitest Snapshot v1, https://vitest.dev/guide/snapshot.html

exports[`CLI surface lock (C1-02) > cairn --help lists the gated stubs (coming-soon) plus the real api command 1`] = `
"Usage: cairn [options] [command]

@plune-ai/cairn — autonomous UI test generator

Options:
  -V, --version          output the version number
  -h, --help             display help for command

Commands:
  observe [options]      Explore a page: ARIA snapshot + interactive elements +
                         screenshot
  explore [options]      Explore a page and generate methodology-based test
                         cases (Sprint 2: no code)
  api [options]          Ingest an OpenAPI 3.x spec into the endpoint model
                         (API-1: parse + summary, no code yet)
  dataset-add [options]  Add a run (study.json) to an experiment dataset
  experiment [options]   Compare prompt versions on a dataset (B2
                         self-improvement)
  design [options]       Explore a page and WRITE test cases in ATC format (.md,
                         with selectors), WITHOUT code
  automate [options]     Generate @playwright/test from ready cases
                         (runs/<id>/testcases/*.md)
  install-browsers       Download the Chromium build Cairn drives — uses Cairn's
                         OWN Playwright, so the revision always matches
  doctor                 Diagnose the browser setup: Cairn's Playwright version,
                         the Chromium it expects, and how to fix a missing build
  promote [options]      Promote manual MTC case(s) to automatable ATC (.md
                         only; run \`automate\` to generate code)
  session                Manage saved login sessions (.auth/)
  login [options]        Alias for \`cairn session capture\` — capture a login
                         session interactively
  ui|e2e                 Generate UI / end-to-end tests — coming soon (gated;
                         see L-G2)
  unit                   Generate unit tests — coming soon (gated; see L-G2)
  docs                   Generate docs / doctest examples — coming soon (gated;
                         see L-G2)
  mcp                    run an MCP server (stdio) exposing explore/design as
                         tools for Claude Code / Cursor
  ci                     CI / PR bot (#50): run cairn on a PR from GitHub Action
                         inputs/env, post a summary comment, optionally open a
                         follow-up PR
  help [command]         display help for command
"
`;

exports[`CLI surface lock (C1-02) > cairn explore --help is stable (flags unchanged) 1`] = `
"Usage: cairn explore [options]

Explore a page and generate methodology-based test cases (Sprint 2: no code)

Options:
  --url <url>            page URL
  --backend <kind>       lib | cli (overrides BROWSER_BACKEND)
  --channel <channel>    system browser channel, e.g. chrome — drives your
                         installed Chrome (no bundled-Chromium download; helps
                         OAuth)
  --session <name>       name of the saved session
                         (.auth/<name>.storageState.json)
  --session-file <path>  direct path to a storageState file (any name)
  --headed               visible browser (debug)
  --checklist <file>     checklist file (md/text) — guides what to test
  --goal <text>          natural-language goal — bias observation + cases toward
                         it (e.g. "test the checkout flow") instead of a blind
                         crawl
  --style <s>            planning style: happy | negative | coverage | all
  --fresh                ignore prior runs for this URL — generate a full set,
                         don't dedupe against past cases
  --routing <preset>     role-routing preset: fast (Groq worker) | volume
                         (OpenRouter worker) | volume-fast (Anthropic codegen,
                         cheap judge on OpenRouter) (sets LLM_ROUTING)
  --critique             self-critique pass after design: prune weak cases + top
                         up technique gaps (1 extra worker-tier LLM call)
  --flow                 follow in-app navigation across pages and design
                         multi-page journey cases (opt-in)
  --max-pages <n>        max pages to crawl with --flow (page cap; default 3)
  --setup                for journeys (--flow): plan + emit starting-state setup
                         (fixture / API seed; manual fallback)
  --gaps                 suggest cases for the top untested surface (the
                         coverage view is always emitted)
  --into-project [dir]   write specs into an existing Playwright project's
                         testDir (detect playwright.config.*; respects
                         testDir/naming) instead of runs/<id>/tests
  --screencast           record a .webm per scenario (with step chapters) during
                         validation → runs/<id>/screencasts/ for the review gate
  -h, --help             display help for command
"
`;
